PS C:\Users\畑山　実里\Desktop\git_challenge> git init
Initialized empty Git repository in C:/Users/畑山　実里/Desktop/git_challenge/.git/

PS C:\Users\畑山　実里\Desktop\git_challenge> git add hello_world.txt

PS C:\Users\畑山　実里\Desktop\git_challenge> git commit -m "テキストファイル作成"
[main (root-commit) 8590d28] テキストファイル作成
 1 file changed, 0 insertions(+), 0 deletions(-) 
 create mode 100644 hello_world.txt

PS C:\Users\畑山　実里\Desktop\git_challenge> git add hello_world.txt

PS C:\Users\畑山　実里\Desktop\git_challenge> git commit -m "Hello,Worldと記入"
[main 49e0bcc] Hello,Worldと記入
 1 file changed, 1 insertion(+) 

PS C:\Users\畑山　実里\Desktop\git_challenge> git add hello_world.txt

PS C:\Users\畑山　実里\Desktop\git_challenge> git commit
Aborting commit due to empty commit message.
PS C:\Users\畑山　実里\Desktop\git_challenge> git commit -m "こんにちは、世界！と記入"
[main 6b987f9] こんにちは、世界！と記入
 1 file changed, 1 insertion(+)   
     
PS C:\Users\畑山　実里\Desktop\git_challenge> git log --oneline
6b987f9 (HEAD -> main) こんにちは、世界！と記入
49e0bcc Hello,Worldと記入
8590d28 テキストファイル作成
